
> agri-future@0.1.0 build
> set GENERATE_SOURCEMAP=false && node --max-old-space-size=4096 node_modules/react-scripts/bin/react-scripts.js build

Creating an optimized production build...
Compiled with warnings.

[eslint] 
src\pages\FarmAdvisory.jsx
  Line 119:5:  React Hook useCallback has a missing dependency: 'advisoryTranslations'. Either include it or remove the dependency array  react-hooks/exhaustive-deps
  Line 126:9:  'fallbackItems' is assigned a value but never used                                                                         no-unused-vars

src\pages\ForgotPassword.jsx
  Line 1:1:  Unexpected Unicode BOM (Byte Order Mark)  unicode-bom

Search for the keywords to learn more about each warning.
To ignore, add // eslint-disable-next-line to the line before.

File sizes after gzip:

  388.09 kB  build\static\js\main.919813be.js
  34.36 kB   build\static\css\main.a21bc79a.css
  1.76 kB    build\static\js\453.aaf2ad22.chunk.js

The project was built assuming it is hosted at /.
You can control this with the homepage field in your package.json.

The build folder is ready to be deployed.
You may serve it with a static server:

  npm install -g serve
  serve -s build

Find out more about deployment here:

  https://cra.link/deployment

